// Jest Snapshot v1, https://goo.gl/fbAQLP

exports[`Header should render correctly 1`] = `
<div
  className="header"
>
  <div>
    <p
      className="location-text"
    >
      Location
    </p>
    <p
      className="location-name"
    >
      Tokyp
    </p>
  </div>
  <div>
    <button
      className="location-btn btn btn-light"
      disabled={false}
      type="button"
    >
      Change Location
    </button>
  </div>
</div>
`;
